mode: atomic
github.com/jailtonjunior94/financialcontrol-api/internal/modules/finance/application/usecase/anticipate_installment.go:36.25,44.2 1 3
github.com/jailtonjunior94/financialcontrol-api/internal/modules/finance/application/usecase/anticipate_installment.go:46.180,48.16 2 3
github.com/jailtonjunior94/financialcontrol-api/internal/modules/finance/application/usecase/anticipate_installment.go:48.16,50.3 1 1
github.com/jailtonjunior94/financialcontrol-api/internal/modules/finance/application/usecase/anticipate_installment.go:52.2,53.16 2 2
github.com/jailtonjunior94/financialcontrol-api/internal/modules/finance/application/usecase/anticipate_installment.go:53.16,55.3 1 0
github.com/jailtonjunior94/financialcontrol-api/internal/modules/finance/application/usecase/anticipate_installment.go:56.2,57.31 2 2
github.com/jailtonjunior94/financialcontrol-api/internal/modules/finance/application/usecase/anticipate_installment.go:57.31,59.3 1 1
github.com/jailtonjunior94/financialcontrol-api/internal/modules/finance/application/usecase/anticipate_installment.go:60.2,62.24 2 2
github.com/jailtonjunior94/financialcontrol-api/internal/modules/finance/application/usecase/anticipate_installment.go:62.24,64.3 1 1
github.com/jailtonjunior94/financialcontrol-api/internal/modules/finance/application/usecase/anticipate_installment.go:66.2,67.16 2 1
github.com/jailtonjunior94/financialcontrol-api/internal/modules/finance/application/usecase/anticipate_installment.go:67.16,69.3 1 0
github.com/jailtonjunior94/financialcontrol-api/internal/modules/finance/application/usecase/anticipate_installment.go:71.2,72.73 2 1
github.com/jailtonjunior94/financialcontrol-api/internal/modules/finance/application/usecase/anticipate_installment.go:72.73,74.3 1 0
github.com/jailtonjunior94/financialcontrol-api/internal/modules/finance/application/usecase/anticipate_installment.go:76.2,76.65 1 1
github.com/jailtonjunior94/financialcontrol-api/internal/modules/finance/application/usecase/anticipate_installment.go:76.65,77.57 1 1
github.com/jailtonjunior94/financialcontrol-api/internal/modules/finance/application/usecase/anticipate_installment.go:77.57,79.4 1 0
github.com/jailtonjunior94/financialcontrol-api/internal/modules/finance/application/usecase/anticipate_installment.go:80.3,80.57 1 1
github.com/jailtonjunior94/financialcontrol-api/internal/modules/finance/application/usecase/anticipate_installment.go:82.2,82.16 1 1
github.com/jailtonjunior94/financialcontrol-api/internal/modules/finance/application/usecase/anticipate_installment.go:82.16,84.3 1 0
github.com/jailtonjunior94/financialcontrol-api/internal/modules/finance/application/usecase/anticipate_installment.go:86.2,86.39 1 1
github.com/jailtonjunior94/financialcontrol-api/internal/modules/finance/application/usecase/create_transaction.go:57.21,70.2 1 9
github.com/jailtonjunior94/financialcontrol-api/internal/modules/finance/application/usecase/create_transaction.go:72.178,74.16 2 9
github.com/jailtonjunior94/financialcontrol-api/internal/modules/finance/application/usecase/create_transaction.go:74.16,76.3 1 0
github.com/jailtonjunior94/financialcontrol-api/internal/modules/finance/application/usecase/create_transaction.go:78.2,79.16 2 9
github.com/jailtonjunior94/financialcontrol-api/internal/modules/finance/application/usecase/create_transaction.go:79.16,81.3 1 0
github.com/jailtonjunior94/financialcontrol-api/internal/modules/finance/application/usecase/create_transaction.go:82.2,82.16 1 9
github.com/jailtonjunior94/financialcontrol-api/internal/modules/finance/application/usecase/create_transaction.go:82.16,83.33 1 2
github.com/jailtonjunior94/financialcontrol-api/internal/modules/finance/application/usecase/create_transaction.go:83.33,85.4 1 1
github.com/jailtonjunior94/financialcontrol-api/internal/modules/finance/application/usecase/create_transaction.go:86.3,87.83 2 1
github.com/jailtonjunior94/financialcontrol-api/internal/modules/finance/application/usecase/create_transaction.go:87.83,89.4 1 0
github.com/jailtonjunior94/financialcontrol-api/internal/modules/finance/application/usecase/create_transaction.go:90.3,90.21 1 1
github.com/jailtonjunior94/financialcontrol-api/internal/modules/finance/application/usecase/create_transaction.go:93.2,94.16 2 7
github.com/jailtonjunior94/financialcontrol-api/internal/modules/finance/application/usecase/create_transaction.go:94.16,96.3 1 0
github.com/jailtonjunior94/financialcontrol-api/internal/modules/finance/application/usecase/create_transaction.go:97.2,98.16 2 7
github.com/jailtonjunior94/financialcontrol-api/internal/modules/finance/application/usecase/create_transaction.go:98.16,100.3 1 0
github.com/jailtonjunior94/financialcontrol-api/internal/modules/finance/application/usecase/create_transaction.go:101.2,102.16 2 7
github.com/jailtonjunior94/financialcontrol-api/internal/modules/finance/application/usecase/create_transaction.go:102.16,104.3 1 0
github.com/jailtonjunior94/financialcontrol-api/internal/modules/finance/application/usecase/create_transaction.go:105.2,106.16 2 7
github.com/jailtonjunior94/financialcontrol-api/internal/modules/finance/application/usecase/create_transaction.go:106.16,108.3 1 0
github.com/jailtonjunior94/financialcontrol-api/internal/modules/finance/application/usecase/create_transaction.go:110.2,111.16 2 7
github.com/jailtonjunior94/financialcontrol-api/internal/modules/finance/application/usecase/create_transaction.go:111.16,113.3 1 1
github.com/jailtonjunior94/financialcontrol-api/internal/modules/finance/application/usecase/create_transaction.go:115.2,115.83 1 6
github.com/jailtonjunior94/financialcontrol-api/internal/modules/finance/application/usecase/create_transaction.go:115.83,117.3 1 1
github.com/jailtonjunior94/financialcontrol-api/internal/modules/finance/application/usecase/create_transaction.go:119.2,120.16 2 5
github.com/jailtonjunior94/financialcontrol-api/internal/modules/finance/application/usecase/create_transaction.go:120.16,122.3 1 0
github.com/jailtonjunior94/financialcontrol-api/internal/modules/finance/application/usecase/create_transaction.go:124.2,138.16 2 5
github.com/jailtonjunior94/financialcontrol-api/internal/modules/finance/application/usecase/create_transaction.go:138.16,140.3 1 0
github.com/jailtonjunior94/financialcontrol-api/internal/modules/finance/application/usecase/create_transaction.go:142.2,143.16 2 5
github.com/jailtonjunior94/financialcontrol-api/internal/modules/finance/application/usecase/create_transaction.go:143.16,145.3 1 0
github.com/jailtonjunior94/financialcontrol-api/internal/modules/finance/application/usecase/create_transaction.go:146.2,150.16 4 5
github.com/jailtonjunior94/financialcontrol-api/internal/modules/finance/application/usecase/create_transaction.go:150.16,152.3 1 0
github.com/jailtonjunior94/financialcontrol-api/internal/modules/finance/application/usecase/create_transaction.go:154.2,155.65 2 5
github.com/jailtonjunior94/financialcontrol-api/internal/modules/finance/application/usecase/create_transaction.go:155.65,156.54 1 5
github.com/jailtonjunior94/financialcontrol-api/internal/modules/finance/application/usecase/create_transaction.go:156.54,158.4 1 0
github.com/jailtonjunior94/financialcontrol-api/internal/modules/finance/application/usecase/create_transaction.go:159.3,159.28 1 5
github.com/jailtonjunior94/financialcontrol-api/internal/modules/finance/application/usecase/create_transaction.go:159.28,160.76 1 3
github.com/jailtonjunior94/financialcontrol-api/internal/modules/finance/application/usecase/create_transaction.go:160.76,162.5 1 1
github.com/jailtonjunior94/financialcontrol-api/internal/modules/finance/application/usecase/create_transaction.go:164.3,173.5 1 4
github.com/jailtonjunior94/financialcontrol-api/internal/modules/finance/application/usecase/create_transaction.go:175.2,175.16 1 5
github.com/jailtonjunior94/financialcontrol-api/internal/modules/finance/application/usecase/create_transaction.go:175.16,177.3 1 1
github.com/jailtonjunior94/financialcontrol-api/internal/modules/finance/application/usecase/create_transaction.go:179.2,179.18 1 4
github.com/jailtonjunior94/financialcontrol-api/internal/modules/finance/application/usecase/create_transaction.go:182.173,183.24 1 7
github.com/jailtonjunior94/financialcontrol-api/internal/modules/finance/application/usecase/create_transaction.go:183.24,185.3 1 3
github.com/jailtonjunior94/financialcontrol-api/internal/modules/finance/application/usecase/create_transaction.go:186.2,186.22 1 4
github.com/jailtonjunior94/financialcontrol-api/internal/modules/finance/application/usecase/create_transaction.go:186.22,188.3 1 0
github.com/jailtonjunior94/financialcontrol-api/internal/modules/finance/application/usecase/create_transaction.go:189.2,190.16 2 4
github.com/jailtonjunior94/financialcontrol-api/internal/modules/finance/application/usecase/create_transaction.go:190.16,192.3 1 0
github.com/jailtonjunior94/financialcontrol-api/internal/modules/finance/application/usecase/create_transaction.go:193.2,194.16 2 4
github.com/jailtonjunior94/financialcontrol-api/internal/modules/finance/application/usecase/create_transaction.go:194.16,196.3 1 0
github.com/jailtonjunior94/financialcontrol-api/internal/modules/finance/application/usecase/create_transaction.go:197.2,197.16 1 4
github.com/jailtonjunior94/financialcontrol-api/internal/modules/finance/application/usecase/create_transaction.go:197.16,199.3 1 1
github.com/jailtonjunior94/financialcontrol-api/internal/modules/finance/application/usecase/create_transaction.go:200.2,200.22 1 3
github.com/jailtonjunior94/financialcontrol-api/internal/modules/finance/application/usecase/create_transaction.go:203.143,205.16 2 6
github.com/jailtonjunior94/financialcontrol-api/internal/modules/finance/application/usecase/create_transaction.go:205.16,207.3 1 0
github.com/jailtonjunior94/financialcontrol-api/internal/modules/finance/application/usecase/create_transaction.go:208.2,208.21 1 6
github.com/jailtonjunior94/financialcontrol-api/internal/modules/finance/application/usecase/create_transaction.go:208.21,210.3 1 1
github.com/jailtonjunior94/financialcontrol-api/internal/modules/finance/application/usecase/create_transaction.go:211.2,211.24 1 5
github.com/jailtonjunior94/financialcontrol-api/internal/modules/finance/application/usecase/create_transaction.go:211.24,213.3 1 4
github.com/jailtonjunior94/financialcontrol-api/internal/modules/finance/application/usecase/create_transaction.go:214.2,215.16 2 1
github.com/jailtonjunior94/financialcontrol-api/internal/modules/finance/application/usecase/create_transaction.go:215.16,217.3 1 0
github.com/jailtonjunior94/financialcontrol-api/internal/modules/finance/application/usecase/create_transaction.go:218.2,219.48 2 1
github.com/jailtonjunior94/financialcontrol-api/internal/modules/finance/application/usecase/create_transaction.go:219.48,221.3 1 0
github.com/jailtonjunior94/financialcontrol-api/internal/modules/finance/application/usecase/create_transaction.go:222.2,222.16 1 1
github.com/jailtonjunior94/financialcontrol-api/internal/modules/finance/application/usecase/create_transaction.go:222.16,224.3 1 0
github.com/jailtonjunior94/financialcontrol-api/internal/modules/finance/application/usecase/create_transaction.go:225.2,225.21 1 1
github.com/jailtonjunior94/financialcontrol-api/internal/modules/finance/application/usecase/create_transaction.go:225.21,227.3 1 0
github.com/jailtonjunior94/financialcontrol-api/internal/modules/finance/application/usecase/create_transaction.go:228.2,228.59 1 1
github.com/jailtonjunior94/financialcontrol-api/internal/modules/finance/application/usecase/create_transaction.go:228.59,230.3 1 0
github.com/jailtonjunior94/financialcontrol-api/internal/modules/finance/application/usecase/create_transaction.go:231.2,231.12 1 1
github.com/jailtonjunior94/financialcontrol-api/internal/modules/finance/application/usecase/create_transaction.go:244.36,245.27 1 5
github.com/jailtonjunior94/financialcontrol-api/internal/modules/finance/application/usecase/create_transaction.go:245.27,247.3 1 2
github.com/jailtonjunior94/financialcontrol-api/internal/modules/finance/application/usecase/create_transaction.go:248.2,249.16 2 3
github.com/jailtonjunior94/financialcontrol-api/internal/modules/finance/application/usecase/create_transaction.go:249.16,251.3 1 0
github.com/jailtonjunior94/financialcontrol-api/internal/modules/finance/application/usecase/create_transaction.go:252.2,254.54 2 3
github.com/jailtonjunior94/financialcontrol-api/internal/modules/finance/application/usecase/create_transaction.go:254.54,256.3 1 2
github.com/jailtonjunior94/financialcontrol-api/internal/modules/finance/application/usecase/create_transaction.go:257.2,257.115 1 1
github.com/jailtonjunior94/financialcontrol-api/internal/modules/finance/application/usecase/create_transaction.go:268.36,270.16 2 2
github.com/jailtonjunior94/financialcontrol-api/internal/modules/finance/application/usecase/create_transaction.go:270.16,272.3 1 0
github.com/jailtonjunior94/financialcontrol-api/internal/modules/finance/application/usecase/create_transaction.go:273.2,289.43 5 2
github.com/jailtonjunior94/financialcontrol-api/internal/modules/finance/application/usecase/create_transaction.go:301.36,303.16 2 1
github.com/jailtonjunior94/financialcontrol-api/internal/modules/finance/application/usecase/create_transaction.go:303.16,305.3 1 0
github.com/jailtonjunior94/financialcontrol-api/internal/modules/finance/application/usecase/create_transaction.go:306.2,309.30 4 1
github.com/jailtonjunior94/financialcontrol-api/internal/modules/finance/application/usecase/create_transaction.go:309.30,312.20 3 2
github.com/jailtonjunior94/financialcontrol-api/internal/modules/finance/application/usecase/create_transaction.go:312.20,314.4 1 0
github.com/jailtonjunior94/financialcontrol-api/internal/modules/finance/application/usecase/create_transaction.go:315.3,328.4 2 2
github.com/jailtonjunior94/financialcontrol-api/internal/modules/finance/application/usecase/create_transaction.go:330.2,330.26 1 1
github.com/jailtonjunior94/financialcontrol-api/internal/modules/finance/application/usecase/create_transaction.go:334.43,336.16 2 9
github.com/jailtonjunior94/financialcontrol-api/internal/modules/finance/application/usecase/create_transaction.go:336.16,338.3 1 0
github.com/jailtonjunior94/financialcontrol-api/internal/modules/finance/application/usecase/create_transaction.go:339.2,339.49 1 9
github.com/jailtonjunior94/financialcontrol-api/internal/modules/finance/application/usecase/create_transaction.go:343.68,344.16 1 8
github.com/jailtonjunior94/financialcontrol-api/internal/modules/finance/application/usecase/create_transaction.go:344.16,346.3 1 7
github.com/jailtonjunior94/financialcontrol-api/internal/modules/finance/application/usecase/create_transaction.go:347.2,348.16 2 1
github.com/jailtonjunior94/financialcontrol-api/internal/modules/finance/application/usecase/create_transaction.go:348.16,350.3 1 0
github.com/jailtonjunior94/financialcontrol-api/internal/modules/finance/application/usecase/create_transaction.go:351.2,351.18 1 1
github.com/jailtonjunior94/financialcontrol-api/internal/modules/finance/application/usecase/delete_transaction.go:32.21,39.2 1 3
github.com/jailtonjunior94/financialcontrol-api/internal/modules/finance/application/usecase/delete_transaction.go:41.115,43.16 2 3
github.com/jailtonjunior94/financialcontrol-api/internal/modules/finance/application/usecase/delete_transaction.go:43.16,45.3 1 1
github.com/jailtonjunior94/financialcontrol-api/internal/modules/finance/application/usecase/delete_transaction.go:47.2,48.16 2 2
github.com/jailtonjunior94/financialcontrol-api/internal/modules/finance/application/usecase/delete_transaction.go:48.16,50.3 1 0
github.com/jailtonjunior94/financialcontrol-api/internal/modules/finance/application/usecase/delete_transaction.go:52.2,53.16 2 2
github.com/jailtonjunior94/financialcontrol-api/internal/modules/finance/application/usecase/delete_transaction.go:53.16,55.3 1 0
github.com/jailtonjunior94/financialcontrol-api/internal/modules/finance/application/usecase/delete_transaction.go:57.2,58.71 2 2
github.com/jailtonjunior94/financialcontrol-api/internal/modules/finance/application/usecase/delete_transaction.go:58.71,60.3 1 1
github.com/jailtonjunior94/financialcontrol-api/internal/modules/finance/application/usecase/delete_transaction.go:62.2,62.66 1 1
github.com/jailtonjunior94/financialcontrol-api/internal/modules/finance/application/usecase/delete_transaction.go:62.66,63.66 1 1
github.com/jailtonjunior94/financialcontrol-api/internal/modules/finance/application/usecase/delete_transaction.go:63.66,65.4 1 0
github.com/jailtonjunior94/financialcontrol-api/internal/modules/finance/application/usecase/delete_transaction.go:66.3,66.61 1 1
github.com/jailtonjunior94/financialcontrol-api/internal/modules/finance/application/usecase/get_invoice.go:37.14,45.2 1 3
github.com/jailtonjunior94/financialcontrol-api/internal/modules/finance/application/usecase/get_invoice.go:47.139,49.16 2 3
github.com/jailtonjunior94/financialcontrol-api/internal/modules/finance/application/usecase/get_invoice.go:49.16,51.3 1 1
github.com/jailtonjunior94/financialcontrol-api/internal/modules/finance/application/usecase/get_invoice.go:53.2,55.22 3 2
github.com/jailtonjunior94/financialcontrol-api/internal/modules/finance/application/usecase/get_invoice.go:55.22,56.70 1 1
github.com/jailtonjunior94/financialcontrol-api/internal/modules/finance/application/usecase/get_invoice.go:56.70,58.4 1 1
github.com/jailtonjunior94/financialcontrol-api/internal/modules/finance/application/usecase/get_invoice.go:58.18,60.4 1 0
github.com/jailtonjunior94/financialcontrol-api/internal/modules/finance/application/usecase/get_invoice.go:63.2,64.16 2 2
github.com/jailtonjunior94/financialcontrol-api/internal/modules/finance/application/usecase/get_invoice.go:64.16,66.3 1 0
github.com/jailtonjunior94/financialcontrol-api/internal/modules/finance/application/usecase/get_invoice.go:68.2,69.23 2 2
github.com/jailtonjunior94/financialcontrol-api/internal/modules/finance/application/usecase/get_invoice.go:69.23,71.3 1 1
github.com/jailtonjunior94/financialcontrol-api/internal/modules/finance/application/usecase/get_invoice.go:73.2,76.8 1 2
github.com/jailtonjunior94/financialcontrol-api/internal/modules/finance/application/usecase/get_transaction.go:27.18,29.2 1 2
github.com/jailtonjunior94/financialcontrol-api/internal/modules/finance/application/usecase/get_transaction.go:31.140,33.16 2 2
github.com/jailtonjunior94/financialcontrol-api/internal/modules/finance/application/usecase/get_transaction.go:33.16,35.3 1 1
github.com/jailtonjunior94/financialcontrol-api/internal/modules/finance/application/usecase/get_transaction.go:37.2,38.16 2 1
github.com/jailtonjunior94/financialcontrol-api/internal/modules/finance/application/usecase/get_transaction.go:38.16,40.3 1 0
github.com/jailtonjunior94/financialcontrol-api/internal/modules/finance/application/usecase/get_transaction.go:41.2,42.23 2 1
github.com/jailtonjunior94/financialcontrol-api/internal/modules/finance/application/usecase/get_transaction.go:42.23,44.3 1 0
github.com/jailtonjunior94/financialcontrol-api/internal/modules/finance/application/usecase/get_transaction.go:45.2,47.39 2 1
github.com/jailtonjunior94/financialcontrol-api/internal/modules/finance/application/usecase/list_invoices.go:35.16,42.2 1 3
github.com/jailtonjunior94/financialcontrol-api/internal/modules/finance/application/usecase/list_invoices.go:44.159,46.16 2 3
github.com/jailtonjunior94/financialcontrol-api/internal/modules/finance/application/usecase/list_invoices.go:46.16,48.3 1 0
github.com/jailtonjunior94/financialcontrol-api/internal/modules/finance/application/usecase/list_invoices.go:50.2,51.22 2 3
github.com/jailtonjunior94/financialcontrol-api/internal/modules/finance/application/usecase/list_invoices.go:51.22,53.3 1 2
github.com/jailtonjunior94/financialcontrol-api/internal/modules/finance/application/usecase/list_invoices.go:55.2,57.22 3 3
github.com/jailtonjunior94/financialcontrol-api/internal/modules/finance/application/usecase/list_invoices.go:57.22,58.70 1 1
github.com/jailtonjunior94/financialcontrol-api/internal/modules/finance/application/usecase/list_invoices.go:58.70,59.32 1 1
github.com/jailtonjunior94/financialcontrol-api/internal/modules/finance/application/usecase/list_invoices.go:59.32,60.61 1 1
github.com/jailtonjunior94/financialcontrol-api/internal/modules/finance/application/usecase/list_invoices.go:60.61,62.6 1 0
github.com/jailtonjunior94/financialcontrol-api/internal/modules/finance/application/usecase/list_invoices.go:64.4,64.14 1 1
github.com/jailtonjunior94/financialcontrol-api/internal/modules/finance/application/usecase/list_invoices.go:65.18,67.4 1 0
github.com/jailtonjunior94/financialcontrol-api/internal/modules/finance/application/usecase/list_invoices.go:70.2,71.22 2 3
github.com/jailtonjunior94/financialcontrol-api/internal/modules/finance/application/usecase/list_invoices.go:71.22,73.3 1 2
github.com/jailtonjunior94/financialcontrol-api/internal/modules/finance/application/usecase/list_invoices.go:74.2,79.8 1 3
github.com/jailtonjunior94/financialcontrol-api/internal/modules/finance/application/usecase/list_transactions.go:38.20,46.2 1 2
github.com/jailtonjunior94/financialcontrol-api/internal/modules/finance/application/usecase/list_transactions.go:48.171,52.19 3 2
github.com/jailtonjunior94/financialcontrol-api/internal/modules/finance/application/usecase/list_transactions.go:52.19,54.3 1 0
github.com/jailtonjunior94/financialcontrol-api/internal/modules/finance/application/usecase/list_transactions.go:55.2,56.16 2 2
github.com/jailtonjunior94/financialcontrol-api/internal/modules/finance/application/usecase/list_transactions.go:56.16,58.3 1 0
github.com/jailtonjunior94/financialcontrol-api/internal/modules/finance/application/usecase/list_transactions.go:59.2,60.16 2 2
github.com/jailtonjunior94/financialcontrol-api/internal/modules/finance/application/usecase/list_transactions.go:60.16,62.3 1 0
github.com/jailtonjunior94/financialcontrol-api/internal/modules/finance/application/usecase/list_transactions.go:63.2,64.30 2 2
github.com/jailtonjunior94/financialcontrol-api/internal/modules/finance/application/usecase/list_transactions.go:64.30,66.3 1 1
github.com/jailtonjunior94/financialcontrol-api/internal/modules/finance/application/usecase/list_transactions.go:67.2,69.22 2 2
github.com/jailtonjunior94/financialcontrol-api/internal/modules/finance/application/usecase/list_transactions.go:69.22,70.70 1 1
github.com/jailtonjunior94/financialcontrol-api/internal/modules/finance/application/usecase/list_transactions.go:70.70,71.32 1 1
github.com/jailtonjunior94/financialcontrol-api/internal/modules/finance/application/usecase/list_transactions.go:71.32,72.61 1 1
github.com/jailtonjunior94/financialcontrol-api/internal/modules/finance/application/usecase/list_transactions.go:72.61,74.6 1 0
github.com/jailtonjunior94/financialcontrol-api/internal/modules/finance/application/usecase/list_transactions.go:76.4,76.14 1 1
github.com/jailtonjunior94/financialcontrol-api/internal/modules/finance/application/usecase/list_transactions.go:77.18,79.4 1 0
github.com/jailtonjunior94/financialcontrol-api/internal/modules/finance/application/usecase/list_transactions.go:82.2,83.16 2 2
github.com/jailtonjunior94/financialcontrol-api/internal/modules/finance/application/usecase/list_transactions.go:83.16,85.3 1 0
github.com/jailtonjunior94/financialcontrol-api/internal/modules/finance/application/usecase/list_transactions.go:87.2,88.21 2 2
github.com/jailtonjunior94/financialcontrol-api/internal/modules/finance/application/usecase/list_transactions.go:88.21,90.3 1 1
github.com/jailtonjunior94/financialcontrol-api/internal/modules/finance/application/usecase/list_transactions.go:91.2,96.8 1 2
github.com/jailtonjunior94/financialcontrol-api/internal/modules/finance/application/usecase/list_transactions.go:99.53,99.66 1 2
github.com/jailtonjunior94/financialcontrol-api/internal/modules/finance/application/usecase/mappers.go:8.78,21.23 2 12
github.com/jailtonjunior94/financialcontrol-api/internal/modules/finance/application/usecase/mappers.go:21.23,24.3 2 6
github.com/jailtonjunior94/financialcontrol-api/internal/modules/finance/application/usecase/mappers.go:25.2,25.30 1 12
github.com/jailtonjunior94/financialcontrol-api/internal/modules/finance/application/usecase/mappers.go:25.30,28.3 2 1
github.com/jailtonjunior94/financialcontrol-api/internal/modules/finance/application/usecase/mappers.go:29.2,29.38 1 12
github.com/jailtonjunior94/financialcontrol-api/internal/modules/finance/application/usecase/mappers.go:29.38,32.3 2 1
github.com/jailtonjunior94/financialcontrol-api/internal/modules/finance/application/usecase/mappers.go:33.2,33.40 1 12
github.com/jailtonjunior94/financialcontrol-api/internal/modules/finance/application/usecase/mappers.go:33.40,35.3 1 7
github.com/jailtonjunior94/financialcontrol-api/internal/modules/finance/application/usecase/mappers.go:36.2,36.13 1 12
github.com/jailtonjunior94/financialcontrol-api/internal/modules/finance/application/usecase/mappers.go:39.78,51.2 1 7
github.com/jailtonjunior94/financialcontrol-api/internal/modules/finance/application/usecase/mappers.go:53.68,68.2 1 5
github.com/jailtonjunior94/financialcontrol-api/internal/modules/finance/application/usecase/mappers.go:70.81,79.2 1 1
github.com/jailtonjunior94/financialcontrol-api/internal/modules/finance/application/usecase/monthly_summary.go:28.18,34.2 1 2
github.com/jailtonjunior94/financialcontrol-api/internal/modules/finance/application/usecase/monthly_summary.go:36.138,38.16 2 2
github.com/jailtonjunior94/financialcontrol-api/internal/modules/finance/application/usecase/monthly_summary.go:38.16,40.3 1 0
github.com/jailtonjunior94/financialcontrol-api/internal/modules/finance/application/usecase/monthly_summary.go:42.2,43.16 2 2
github.com/jailtonjunior94/financialcontrol-api/internal/modules/finance/application/usecase/monthly_summary.go:43.16,45.3 1 0
github.com/jailtonjunior94/financialcontrol-api/internal/modules/finance/application/usecase/monthly_summary.go:47.2,48.16 2 2
github.com/jailtonjunior94/financialcontrol-api/internal/modules/finance/application/usecase/monthly_summary.go:48.16,50.3 1 0
github.com/jailtonjunior94/financialcontrol-api/internal/modules/finance/application/usecase/monthly_summary.go:52.2,53.16 2 2
github.com/jailtonjunior94/financialcontrol-api/internal/modules/finance/application/usecase/monthly_summary.go:53.16,55.3 1 0
github.com/jailtonjunior94/financialcontrol-api/internal/modules/finance/application/usecase/monthly_summary.go:58.2,74.8 3 2
github.com/jailtonjunior94/financialcontrol-api/internal/modules/finance/application/usecase/monthly_summary.go:77.39,77.60 1 14
github.com/jailtonjunior94/financialcontrol-api/internal/modules/finance/application/usecase/pay_invoice.go:31.14,37.2 1 3
github.com/jailtonjunior94/financialcontrol-api/internal/modules/finance/application/usecase/pay_invoice.go:39.161,41.16 2 3
github.com/jailtonjunior94/financialcontrol-api/internal/modules/finance/application/usecase/pay_invoice.go:41.16,43.3 1 1
github.com/jailtonjunior94/financialcontrol-api/internal/modules/finance/application/usecase/pay_invoice.go:45.2,46.42 2 2
github.com/jailtonjunior94/financialcontrol-api/internal/modules/finance/application/usecase/pay_invoice.go:46.42,48.3 1 1
github.com/jailtonjunior94/financialcontrol-api/internal/modules/finance/application/usecase/pay_invoice.go:50.2,50.65 1 1
github.com/jailtonjunior94/financialcontrol-api/internal/modules/finance/application/usecase/pay_invoice.go:50.65,52.3 1 1
github.com/jailtonjunior94/financialcontrol-api/internal/modules/finance/application/usecase/pay_invoice.go:53.2,53.16 1 1
github.com/jailtonjunior94/financialcontrol-api/internal/modules/finance/application/usecase/pay_invoice.go:53.16,55.3 1 0
github.com/jailtonjunior94/financialcontrol-api/internal/modules/finance/application/usecase/pay_invoice.go:57.2,57.36 1 1
github.com/jailtonjunior94/financialcontrol-api/internal/modules/finance/application/usecase/refund_transaction.go:36.21,44.2 1 3
github.com/jailtonjunior94/financialcontrol-api/internal/modules/finance/application/usecase/refund_transaction.go:46.178,48.16 2 3
github.com/jailtonjunior94/financialcontrol-api/internal/modules/finance/application/usecase/refund_transaction.go:48.16,50.3 1 1
github.com/jailtonjunior94/financialcontrol-api/internal/modules/finance/application/usecase/refund_transaction.go:52.2,53.16 2 2
github.com/jailtonjunior94/financialcontrol-api/internal/modules/finance/application/usecase/refund_transaction.go:53.16,55.3 1 0
github.com/jailtonjunior94/financialcontrol-api/internal/modules/finance/application/usecase/refund_transaction.go:57.2,58.30 2 2
github.com/jailtonjunior94/financialcontrol-api/internal/modules/finance/application/usecase/refund_transaction.go:58.30,60.19 2 0
github.com/jailtonjunior94/financialcontrol-api/internal/modules/finance/application/usecase/refund_transaction.go:60.19,62.4 1 0
github.com/jailtonjunior94/financialcontrol-api/internal/modules/finance/application/usecase/refund_transaction.go:63.3,63.31 1 0
github.com/jailtonjunior94/financialcontrol-api/internal/modules/finance/application/usecase/refund_transaction.go:65.2,68.16 3 2
github.com/jailtonjunior94/financialcontrol-api/internal/modules/finance/application/usecase/refund_transaction.go:68.16,70.3 1 1
github.com/jailtonjunior94/financialcontrol-api/internal/modules/finance/application/usecase/refund_transaction.go:72.2,72.65 1 1
github.com/jailtonjunior94/financialcontrol-api/internal/modules/finance/application/usecase/refund_transaction.go:72.65,74.3 1 1
github.com/jailtonjunior94/financialcontrol-api/internal/modules/finance/application/usecase/refund_transaction.go:75.2,75.16 1 1
github.com/jailtonjunior94/financialcontrol-api/internal/modules/finance/application/usecase/refund_transaction.go:75.16,77.3 1 0
github.com/jailtonjunior94/financialcontrol-api/internal/modules/finance/application/usecase/refund_transaction.go:79.2,79.43 1 1
github.com/jailtonjunior94/financialcontrol-api/internal/modules/finance/application/usecase/update_transaction.go:48.21,60.2 1 5
github.com/jailtonjunior94/financialcontrol-api/internal/modules/finance/application/usecase/update_transaction.go:62.178,64.16 2 5
github.com/jailtonjunior94/financialcontrol-api/internal/modules/finance/application/usecase/update_transaction.go:64.16,66.3 1 1
github.com/jailtonjunior94/financialcontrol-api/internal/modules/finance/application/usecase/update_transaction.go:68.2,69.16 2 4
github.com/jailtonjunior94/financialcontrol-api/internal/modules/finance/application/usecase/update_transaction.go:69.16,71.3 1 0
github.com/jailtonjunior94/financialcontrol-api/internal/modules/finance/application/usecase/update_transaction.go:72.2,73.31 2 4
github.com/jailtonjunior94/financialcontrol-api/internal/modules/finance/application/usecase/update_transaction.go:73.31,75.3 1 0
github.com/jailtonjunior94/financialcontrol-api/internal/modules/finance/application/usecase/update_transaction.go:76.2,79.16 3 4
github.com/jailtonjunior94/financialcontrol-api/internal/modules/finance/application/usecase/update_transaction.go:79.16,81.3 1 0
github.com/jailtonjunior94/financialcontrol-api/internal/modules/finance/application/usecase/update_transaction.go:82.2,83.16 2 4
github.com/jailtonjunior94/financialcontrol-api/internal/modules/finance/application/usecase/update_transaction.go:83.16,85.3 1 0
github.com/jailtonjunior94/financialcontrol-api/internal/modules/finance/application/usecase/update_transaction.go:86.2,87.16 2 4
github.com/jailtonjunior94/financialcontrol-api/internal/modules/finance/application/usecase/update_transaction.go:87.16,89.3 1 0
github.com/jailtonjunior94/financialcontrol-api/internal/modules/finance/application/usecase/update_transaction.go:90.2,91.16 2 4
github.com/jailtonjunior94/financialcontrol-api/internal/modules/finance/application/usecase/update_transaction.go:91.16,93.3 1 0
github.com/jailtonjunior94/financialcontrol-api/internal/modules/finance/application/usecase/update_transaction.go:95.2,96.16 2 4
github.com/jailtonjunior94/financialcontrol-api/internal/modules/finance/application/usecase/update_transaction.go:96.16,98.3 1 0
github.com/jailtonjunior94/financialcontrol-api/internal/modules/finance/application/usecase/update_transaction.go:100.2,100.89 1 4
github.com/jailtonjunior94/financialcontrol-api/internal/modules/finance/application/usecase/update_transaction.go:100.89,102.3 1 1
github.com/jailtonjunior94/financialcontrol-api/internal/modules/finance/application/usecase/update_transaction.go:104.2,105.16 2 3
github.com/jailtonjunior94/financialcontrol-api/internal/modules/finance/application/usecase/update_transaction.go:105.16,107.3 1 0
github.com/jailtonjunior94/financialcontrol-api/internal/modules/finance/application/usecase/update_transaction.go:109.2,113.54 4 3
github.com/jailtonjunior94/financialcontrol-api/internal/modules/finance/application/usecase/update_transaction.go:113.54,115.17 2 1
github.com/jailtonjunior94/financialcontrol-api/internal/modules/finance/application/usecase/update_transaction.go:115.17,117.4 1 0
github.com/jailtonjunior94/financialcontrol-api/internal/modules/finance/application/usecase/update_transaction.go:120.2,132.72 2 3
github.com/jailtonjunior94/financialcontrol-api/internal/modules/finance/application/usecase/update_transaction.go:132.72,134.3 1 0
github.com/jailtonjunior94/financialcontrol-api/internal/modules/finance/application/usecase/update_transaction.go:136.2,136.65 1 3
github.com/jailtonjunior94/financialcontrol-api/internal/modules/finance/application/usecase/update_transaction.go:136.65,137.57 1 3
github.com/jailtonjunior94/financialcontrol-api/internal/modules/finance/application/usecase/update_transaction.go:137.57,139.4 1 0
github.com/jailtonjunior94/financialcontrol-api/internal/modules/finance/application/usecase/update_transaction.go:140.3,141.42 2 3
github.com/jailtonjunior94/financialcontrol-api/internal/modules/finance/application/usecase/update_transaction.go:141.42,142.24 1 2
github.com/jailtonjunior94/financialcontrol-api/internal/modules/finance/application/usecase/update_transaction.go:142.24,144.5 1 0
github.com/jailtonjunior94/financialcontrol-api/internal/modules/finance/application/usecase/update_transaction.go:144.10,146.5 1 2
github.com/jailtonjunior94/financialcontrol-api/internal/modules/finance/application/usecase/update_transaction.go:148.3,148.24 1 3
github.com/jailtonjunior94/financialcontrol-api/internal/modules/finance/application/usecase/update_transaction.go:148.24,149.71 1 0
github.com/jailtonjunior94/financialcontrol-api/internal/modules/finance/application/usecase/update_transaction.go:149.71,151.5 1 0
github.com/jailtonjunior94/financialcontrol-api/internal/modules/finance/application/usecase/update_transaction.go:153.3,153.24 1 3
github.com/jailtonjunior94/financialcontrol-api/internal/modules/finance/application/usecase/update_transaction.go:153.24,154.68 1 1
github.com/jailtonjunior94/financialcontrol-api/internal/modules/finance/application/usecase/update_transaction.go:154.68,156.5 1 0
github.com/jailtonjunior94/financialcontrol-api/internal/modules/finance/application/usecase/update_transaction.go:158.3,158.13 1 3
github.com/jailtonjunior94/financialcontrol-api/internal/modules/finance/application/usecase/update_transaction.go:160.2,160.16 1 3
github.com/jailtonjunior94/financialcontrol-api/internal/modules/finance/application/usecase/update_transaction.go:160.16,162.3 1 0
github.com/jailtonjunior94/financialcontrol-api/internal/modules/finance/application/usecase/update_transaction.go:164.2,164.39 1 3
github.com/jailtonjunior94/financialcontrol-api/internal/modules/finance/application/usecase/update_transaction.go:167.179,168.24 1 4
github.com/jailtonjunior94/financialcontrol-api/internal/modules/finance/application/usecase/update_transaction.go:168.24,170.3 1 2
github.com/jailtonjunior94/financialcontrol-api/internal/modules/finance/application/usecase/update_transaction.go:171.2,171.22 1 2
github.com/jailtonjunior94/financialcontrol-api/internal/modules/finance/application/usecase/update_transaction.go:171.22,173.3 1 0
github.com/jailtonjunior94/financialcontrol-api/internal/modules/finance/application/usecase/update_transaction.go:174.2,175.16 2 2
github.com/jailtonjunior94/financialcontrol-api/internal/modules/finance/application/usecase/update_transaction.go:175.16,177.3 1 0
github.com/jailtonjunior94/financialcontrol-api/internal/modules/finance/application/usecase/update_transaction.go:178.2,179.16 2 2
github.com/jailtonjunior94/financialcontrol-api/internal/modules/finance/application/usecase/update_transaction.go:179.16,181.3 1 0
github.com/jailtonjunior94/financialcontrol-api/internal/modules/finance/application/usecase/update_transaction.go:182.2,182.16 1 2
github.com/jailtonjunior94/financialcontrol-api/internal/modules/finance/application/usecase/update_transaction.go:182.16,184.3 1 0
github.com/jailtonjunior94/financialcontrol-api/internal/modules/finance/application/usecase/update_transaction.go:185.2,185.22 1 2
github.com/jailtonjunior94/financialcontrol-api/internal/modules/finance/application/usecase/update_transaction.go:188.149,190.16 2 4
github.com/jailtonjunior94/financialcontrol-api/internal/modules/finance/application/usecase/update_transaction.go:190.16,192.3 1 0
github.com/jailtonjunior94/financialcontrol-api/internal/modules/finance/application/usecase/update_transaction.go:193.2,193.21 1 4
github.com/jailtonjunior94/financialcontrol-api/internal/modules/finance/application/usecase/update_transaction.go:193.21,195.3 1 1
github.com/jailtonjunior94/financialcontrol-api/internal/modules/finance/application/usecase/update_transaction.go:196.2,196.24 1 3
github.com/jailtonjunior94/financialcontrol-api/internal/modules/finance/application/usecase/update_transaction.go:196.24,198.3 1 3
github.com/jailtonjunior94/financialcontrol-api/internal/modules/finance/application/usecase/update_transaction.go:199.2,200.16 2 0
github.com/jailtonjunior94/financialcontrol-api/internal/modules/finance/application/usecase/update_transaction.go:200.16,202.3 1 0
github.com/jailtonjunior94/financialcontrol-api/internal/modules/finance/application/usecase/update_transaction.go:203.2,204.16 2 0
github.com/jailtonjunior94/financialcontrol-api/internal/modules/finance/application/usecase/update_transaction.go:204.16,206.3 1 0
github.com/jailtonjunior94/financialcontrol-api/internal/modules/finance/application/usecase/update_transaction.go:207.2,207.21 1 0
github.com/jailtonjunior94/financialcontrol-api/internal/modules/finance/application/usecase/update_transaction.go:207.21,209.3 1 0
github.com/jailtonjunior94/financialcontrol-api/internal/modules/finance/application/usecase/update_transaction.go:210.2,210.59 1 0
github.com/jailtonjunior94/financialcontrol-api/internal/modules/finance/application/usecase/update_transaction.go:210.59,212.3 1 0
github.com/jailtonjunior94/financialcontrol-api/internal/modules/finance/application/usecase/update_transaction.go:213.2,213.12 1 0
github.com/jailtonjunior94/financialcontrol-api/internal/modules/finance/application/usecase/update_transaction.go:225.49,227.16 2 1
github.com/jailtonjunior94/financialcontrol-api/internal/modules/finance/application/usecase/update_transaction.go:227.16,229.3 1 0
github.com/jailtonjunior94/financialcontrol-api/internal/modules/finance/application/usecase/update_transaction.go:230.2,233.16 3 1
github.com/jailtonjunior94/financialcontrol-api/internal/modules/finance/application/usecase/update_transaction.go:233.16,235.3 1 0
github.com/jailtonjunior94/financialcontrol-api/internal/modules/finance/application/usecase/update_transaction.go:236.2,239.25 3 1
github.com/jailtonjunior94/financialcontrol-api/internal/modules/finance/application/usecase/update_transaction.go:239.25,242.20 3 2
github.com/jailtonjunior94/financialcontrol-api/internal/modules/finance/application/usecase/update_transaction.go:242.20,244.4 1 0
github.com/jailtonjunior94/financialcontrol-api/internal/modules/finance/application/usecase/update_transaction.go:245.3,245.33 1 2
github.com/jailtonjunior94/financialcontrol-api/internal/modules/finance/application/usecase/update_transaction.go:248.2,250.32 3 1
github.com/jailtonjunior94/financialcontrol-api/internal/modules/finance/application/usecase/update_transaction.go:259.109,261.2 1 1
github.com/jailtonjunior94/financialcontrol-api/internal/modules/finance/application/usecase/update_transaction.go:268.78,270.9 2 2
github.com/jailtonjunior94/financialcontrol-api/internal/modules/finance/application/usecase/update_transaction.go:270.9,272.3 1 0
github.com/jailtonjunior94/financialcontrol-api/internal/modules/finance/application/usecase/update_transaction.go:273.2,273.16 1 2
